// Jest Snapshot v1, https://goo.gl/fbAQLP

exports[`site view matches snapshot 1`] = `"<svg id=\\"SVG_ID\\" data-testid=\\"SVG_ID\\" width=\\"300\\" height=\\"300\\"><g><g class=\\"zoom\\"><defs class=\\"marker-defs\\"><marker id=\\"end--15\\" viewBox=\\"0 -5 10 10\\" refX=\\"10\\" markerWidth=\\"14\\" markerHeight=\\"14\\" markerUnits=\\"userSpaceOnUse\\" orient=\\"auto\\"><path d=\\"M 0 -5 L 10 0 L 0 5 z\\"></path></marker><marker id=\\"end--20\\" viewBox=\\"0 -5 10 10\\" refX=\\"24\\" markerWidth=\\"14\\" markerHeight=\\"14\\" markerUnits=\\"userSpaceOnUse\\" orient=\\"auto\\"><path d=\\"M 0 -5 L 10 0 L 0 5 z\\"></path></marker><marker id=\\"end--100\\" viewBox=\\"0 -5 10 10\\" refX=\\"12\\" markerWidth=\\"14\\" markerHeight=\\"14\\" markerUnits=\\"userSpaceOnUse\\" orient=\\"auto\\"><path d=\\"M 0 -5 L 10 0 L 0 5 z\\"></path></marker><marker id=\\"end--undefined\\" viewBox=\\"0 -5 10 10\\" refX=\\"0\\" markerWidth=\\"14\\" markerHeight=\\"14\\" markerUnits=\\"userSpaceOnUse\\" orient=\\"auto\\"><path d=\\"M 0 -5 L 10 0 L 0 5 z\\"></path></marker><marker id=\\"end-selected-15\\" viewBox=\\"0 -5 10 10\\" refX=\\"10\\" markerWidth=\\"14\\" markerHeight=\\"14\\" markerUnits=\\"userSpaceOnUse\\" orient=\\"auto\\"><path d=\\"M 0 -5 L 10 0 L 0 5 z\\"></path></marker><marker id=\\"end-selected-20\\" viewBox=\\"0 -5 10 10\\" refX=\\"24\\" markerWidth=\\"14\\" markerHeight=\\"14\\" markerUnits=\\"userSpaceOnUse\\" orient=\\"auto\\"><path d=\\"M 0 -5 L 10 0 L 0 5 z\\"></path></marker><marker id=\\"end-selected-100\\" viewBox=\\"0 -5 10 10\\" refX=\\"12\\" markerWidth=\\"14\\" markerHeight=\\"14\\" markerUnits=\\"userSpaceOnUse\\" orient=\\"auto\\"><path d=\\"M 0 -5 L 10 0 L 0 5 z\\"></path></marker><marker id=\\"end-selected-undefined\\" viewBox=\\"0 -5 10 10\\" refX=\\"0\\" markerWidth=\\"14\\" markerHeight=\\"14\\" markerUnits=\\"userSpaceOnUse\\" orient=\\"auto\\"><path d=\\"M 0 -5 L 10 0 L 0 5 z\\"></path></marker><marker id=\\"end-highlighted-15\\" viewBox=\\"0 -5 10 10\\" refX=\\"10\\" markerWidth=\\"14\\" markerHeight=\\"14\\" markerUnits=\\"userSpaceOnUse\\" orient=\\"auto\\"><path d=\\"M 0 -5 L 10 0 L 0 5 z\\"></path></marker><marker id=\\"end-highlighted-20\\" viewBox=\\"0 -5 10 10\\" refX=\\"24\\" markerWidth=\\"14\\" markerHeight=\\"14\\" markerUnits=\\"userSpaceOnUse\\" orient=\\"auto\\"><path d=\\"M 0 -5 L 10 0 L 0 5 z\\"></path></marker><marker id=\\"end-highlighted-100\\" viewBox=\\"0 -5 10 10\\" refX=\\"12\\" markerWidth=\\"14\\" markerHeight=\\"14\\" markerUnits=\\"userSpaceOnUse\\" orient=\\"auto\\"><path d=\\"M 0 -5 L 10 0 L 0 5 z\\"></path></marker><marker id=\\"end-highlighted-undefined\\" viewBox=\\"0 -5 10 10\\" refX=\\"0\\" markerWidth=\\"14\\" markerHeight=\\"14\\" markerUnits=\\"userSpaceOnUse\\" orient=\\"auto\\"><path d=\\"M 0 -5 L 10 0 L 0 5 z\\"></path></marker><marker id=\\"end-unknown-15\\" viewBox=\\"0 -5 10 10\\" refX=\\"10\\" markerWidth=\\"14\\" markerHeight=\\"14\\" markerUnits=\\"userSpaceOnUse\\" orient=\\"auto\\"><path d=\\"M 0 -5 L 10 0 L 0 5 z\\"></path></marker><marker id=\\"end-unknown-20\\" viewBox=\\"0 -5 10 10\\" refX=\\"24\\" markerWidth=\\"14\\" markerHeight=\\"14\\" markerUnits=\\"userSpaceOnUse\\" orient=\\"auto\\"><path d=\\"M 0 -5 L 10 0 L 0 5 z\\"></path></marker><marker id=\\"end-unknown-100\\" viewBox=\\"0 -5 10 10\\" refX=\\"12\\" markerWidth=\\"14\\" markerHeight=\\"14\\" markerUnits=\\"userSpaceOnUse\\" orient=\\"auto\\"><path d=\\"M 0 -5 L 10 0 L 0 5 z\\"></path></marker><marker id=\\"end-unknown-undefined\\" viewBox=\\"0 -5 10 10\\" refX=\\"0\\" markerWidth=\\"14\\" markerHeight=\\"14\\" markerUnits=\\"userSpaceOnUse\\" orient=\\"auto\\"><path d=\\"M 0 -5 L 10 0 L 0 5 z\\"></path></marker><marker id=\\"site-end\\" viewBox=\\"0 -5 10 10\\" refX=\\"8\\" markerWidth=\\"14\\" markerHeight=\\"14\\" markerUnits=\\"userSpaceOnUse\\" orient=\\"auto\\"><path d=\\"M 0 -5 L 10 0 L 0 5 z\\"></path></marker><marker id=\\"http-end\\" viewBox=\\"0 -5 10 10\\" refX=\\"8\\" markerWidth=\\"14\\" markerHeight=\\"14\\" markerUnits=\\"userSpaceOnUse\\" orient=\\"auto\\"><path d=\\"M 0 -5 L 10 0 L 0 5 z\\"></path></marker><marker id=\\"tcp-end\\" viewBox=\\"0 -5 10 10\\" refX=\\"10\\" markerWidth=\\"14\\" markerHeight=\\"14\\" markerUnits=\\"userSpaceOnUse\\" orient=\\"auto\\"><path d=\\"M 0 -5 L 10 0 L 0 5 L 5 0 z\\"></path></marker></defs><defs><filter id=\\"glow\\" filterUnits=\\"userSpaceOnUse\\" x=\\"-50%\\" y=\\"-50%\\" width=\\"200%\\" height=\\"200%\\"><feGaussianBlur in=\\"SourceGraphic\\" stdDeviation=\\"5\\" result=\\"blur5\\"></feGaussianBlur><feGaussianBlur in=\\"SourceGraphic\\" stdDeviation=\\"10\\" result=\\"blur10\\"></feGaussianBlur><feGaussianBlur in=\\"SourceGraphic\\" stdDeviation=\\"20\\" result=\\"blur20\\"></feGaussianBlur><feGaussianBlur in=\\"SourceGraphic\\" stdDeviation=\\"30\\" result=\\"blur30\\"></feGaussianBlur><feGaussianBlur in=\\"SourceGraphic\\" stdDeviation=\\"50\\" result=\\"blur50\\"></feGaussianBlur><feMerge result=\\"blur-merged\\"><feMergeNode in=\\"blur10\\"></feMergeNode><feMergeNode in=\\"blur20\\"></feMergeNode><feMergeNode in=\\"blur30\\"></feMergeNode><feMergeNode in=\\"blur50\\"></feMergeNode></feMerge><feColorMatrix result=\\"green-blur\\" in=\\"blur-merged\\" type=\\"matrix\\" value=\\"1 0 0 0 0 0 0.06 0 0 0 0 0 0.44 0 0 0 0 0 1 0\\"></feColorMatrix><feMerge><feMergeNode in=\\"green-blur\\"></feMergeNode><feMergeNode in=\\"blur5\\"></feMergeNode><feMergeNode in=\\"SourceGraphic\\"></feMergeNode></feMerge></filter></defs><defs class=\\"statPaths\\"><path id=\\"SVG_ID-statPath-site-b-mini1\\" d=\\"M380,210C380,215,380,215,380,220\\"></path><path id=\\"SVG_ID-statPath-site-b-site-a\\" d=\\"M40.835505680159486,146.0882318245554C260.8355056801595,146.0882318245554,260.8355056801595,106.0882318245554,480.8355056801595,106.0882318245554\\"></path><path id=\\"SVG_ID-statPath-site-a-site-b\\" d=\\"M239.21553545944727,146.07767729723633C259.21553545944727,146.07767729723633,259.21553545944727,106.07767729723632,279.21553545944727,106.07767729723632\\"></path><path id=\\"SVG_ID-statPath-site-a-mini1\\" d=\\"M241.8985113718403,146.47925369119088C261.8985113718403,146.47925369119088,261.8985113718403,316.4792536911909,281.8985113718403,316.4792536911909\\"></path></defs><g class=\\"siteRouterLinks\\"><g><path class=\\"site\\" d=\\"M298.3975518898345,262.1982659219661L221.6024481101655,207.80173407803392\\"></path><path marker-end=\\"url(#site-end)\\" class=\\"site-hittarget\\" stroke-width=\\"6\\" d=\\"M298.3975518898345,262.1982659219661L221.6024481101655,207.80173407803392\\"></path></g><g><path class=\\"site\\" d=\\"M281.3606076167856,126.43989873053573L238.63939238321439,133.56010126946427\\"></path><path marker-end=\\"url(#site-end)\\" class=\\"site-hittarget\\" stroke-width=\\"6\\" d=\\"M281.3606076167856,126.43989873053573L238.63939238321439,133.56010126946427\\"></path></g></g><g class=\\"siteTrafficLinks\\"><g><path class=\\"siteTrafficLink\\" fill=\\"black\\" d=\\"M240,147C260,147,260,107,280,107L280,113C260,113,260,153,240,153Z\\"></path><path class=\\"siteTrafficDir\\" stroke=\\"black\\" stroke-width=\\"1\\" d=\\"M240,149.5C260,149.5,260,109.5,280,109.5L280,110.5C260,110.5,260,150.5,240,150.5Z\\"></path><path class=\\"hittarget\\" stroke-width=\\"6\\" d=\\"M240,150C260,150,260,110,280,110\\"></path><text font-size=\\"12px\\" font-weight=\\"bold\\"><textPath class=\\"stats\\" text-anchor=\\"middle\\" startOffset=\\"50%\\" text-length=\\"100%\\" href=\\"#SVG_ID-statPath-site-a-site-b\\"></textPath></text></g><g><path class=\\"siteTrafficLink\\" fill=\\"black\\" d=\\"M380,107C260,107,260,147,140,147L140,153C260,153,260,113,380,113Z\\"></path><path class=\\"siteTrafficDir\\" stroke=\\"black\\" stroke-width=\\"1\\" d=\\"M380,109.5C260,109.5,260,149.5,140,149.5L140,150.5C260,150.5,260,110.5,380,110.5Z\\"></path><path class=\\"hittarget\\" stroke-width=\\"6\\" d=\\"M280,110C260,110,260,150,240,150\\"></path><text font-size=\\"12px\\" font-weight=\\"bold\\"><textPath class=\\"stats\\" text-anchor=\\"middle\\" startOffset=\\"50%\\" text-length=\\"100%\\" href=\\"#SVG_ID-statPath-site-b-site-a\\"></textPath></text></g><g><path class=\\"siteTrafficLink\\" fill=\\"black\\" d=\\"M280,60C280,165,280,165,280,270L480,270C480,165,480,165,480,60Z\\"></path><path class=\\"siteTrafficDir\\" stroke=\\"black\\" stroke-width=\\"1\\" d=\\"M280,60C280,165,280,165,280,270L480,270C480,165,480,165,480,60Z\\"></path><path class=\\"hittarget\\" stroke-width=\\"6\\" d=\\"M380,210C380,215,380,215,380,220\\"></path><text font-size=\\"12px\\" font-weight=\\"bold\\"><textPath class=\\"stats\\" text-anchor=\\"middle\\" startOffset=\\"50%\\" text-length=\\"100%\\" href=\\"#SVG_ID-statPath-site-b-mini1\\"></textPath></text></g><g><path class=\\"siteTrafficLink\\" fill=\\"black\\" d=\\"M240,147C260,147,260,317,280,317L280,323C260,323,260,153,240,153Z\\"></path><path class=\\"siteTrafficDir\\" stroke=\\"black\\" stroke-width=\\"1\\" d=\\"M240,149.5C260,149.5,260,319.5,280,319.5L280,320.5C260,320.5,260,150.5,240,150.5Z\\"></path><path class=\\"hittarget\\" stroke-width=\\"6\\" d=\\"M240,150C260,150,260,320,280,320\\"></path><text font-size=\\"12px\\" font-weight=\\"bold\\"><textPath class=\\"stats\\" text-anchor=\\"middle\\" startOffset=\\"50%\\" text-length=\\"100%\\" href=\\"#SVG_ID-statPath-site-a-mini1\\"></textPath></text></g></g><g class=\\"masks\\"><g><path class=\\"mask\\" d=\\"\\"></path></g><g><path class=\\"mask\\" d=\\"\\"></path></g><g><path class=\\"mask\\" d=\\"\\"></path></g><g><path class=\\"mask\\" d=\\"\\"></path></g></g><g class=\\"clusters\\"><g class=\\"cluster site\\" transform=\\"translate(280,220)\\" id=\\"#SVG_ID-$cluster-mini1\\"><g class=\\"cluster-rects\\" opacity=\\"1\\"><circle class=\\"network\\" r=\\"100\\" cx=\\"100\\" cy=\\"100\\" fill=\\"rgb(233,241,248)\\" stroke=\\"#1f77b4\\" opacity=\\"1\\"></circle><text class=\\"cluster-name\\" x=\\"100\\" y=\\"-10\\" dominant-baseline=\\"middle\\" text-anchor=\\"middle\\">mini1</text></g></g><g class=\\"cluster site\\" transform=\\"translate(40,50)\\" id=\\"#SVG_ID-$cluster-site-a\\"><g class=\\"cluster-rects\\" opacity=\\"1\\"><circle class=\\"network\\" r=\\"100\\" cx=\\"100\\" cy=\\"100\\" fill=\\"rgb(255,242,231)\\" stroke=\\"#ff7f0e\\" opacity=\\"1\\"></circle><text class=\\"cluster-name\\" x=\\"100\\" y=\\"-10\\" dominant-baseline=\\"middle\\" text-anchor=\\"middle\\">site-a</text></g></g><g class=\\"cluster site\\" transform=\\"translate(280,10)\\" id=\\"#SVG_ID-$cluster-site-b\\"><g class=\\"cluster-rects\\" opacity=\\"1\\"><circle class=\\"network\\" r=\\"100\\" cx=\\"100\\" cy=\\"100\\" fill=\\"rgb(234,246,234)\\" stroke=\\"#2ca02c\\" opacity=\\"1\\"></circle><text class=\\"cluster-name\\" x=\\"100\\" y=\\"-10\\" dominant-baseline=\\"middle\\" text-anchor=\\"middle\\">site-b</text></g></g></g></g></g></svg>"`;
