// Jest Snapshot v1, https://goo.gl/fbAQLP

exports[`deployment view matches snapshot 1`] = `"<svg id=\\"SVG_ID\\" data-testid=\\"SVG_ID\\" width=\\"300\\" height=\\"300\\"><g><g class=\\"zoom\\"><defs class=\\"marker-defs\\"><marker id=\\"end--15\\" viewBox=\\"0 -5 10 10\\" refX=\\"10\\" markerWidth=\\"14\\" markerHeight=\\"14\\" markerUnits=\\"userSpaceOnUse\\" orient=\\"auto\\"><path d=\\"M 0 -5 L 10 0 L 0 5 z\\"></path></marker><marker id=\\"end--20\\" viewBox=\\"0 -5 10 10\\" refX=\\"24\\" markerWidth=\\"14\\" markerHeight=\\"14\\" markerUnits=\\"userSpaceOnUse\\" orient=\\"auto\\"><path d=\\"M 0 -5 L 10 0 L 0 5 z\\"></path></marker><marker id=\\"end--100\\" viewBox=\\"0 -5 10 10\\" refX=\\"12\\" markerWidth=\\"14\\" markerHeight=\\"14\\" markerUnits=\\"userSpaceOnUse\\" orient=\\"auto\\"><path d=\\"M 0 -5 L 10 0 L 0 5 z\\"></path></marker><marker id=\\"end--undefined\\" viewBox=\\"0 -5 10 10\\" refX=\\"0\\" markerWidth=\\"14\\" markerHeight=\\"14\\" markerUnits=\\"userSpaceOnUse\\" orient=\\"auto\\"><path d=\\"M 0 -5 L 10 0 L 0 5 z\\"></path></marker><marker id=\\"end-selected-15\\" viewBox=\\"0 -5 10 10\\" refX=\\"10\\" markerWidth=\\"14\\" markerHeight=\\"14\\" markerUnits=\\"userSpaceOnUse\\" orient=\\"auto\\"><path d=\\"M 0 -5 L 10 0 L 0 5 z\\"></path></marker><marker id=\\"end-selected-20\\" viewBox=\\"0 -5 10 10\\" refX=\\"24\\" markerWidth=\\"14\\" markerHeight=\\"14\\" markerUnits=\\"userSpaceOnUse\\" orient=\\"auto\\"><path d=\\"M 0 -5 L 10 0 L 0 5 z\\"></path></marker><marker id=\\"end-selected-100\\" viewBox=\\"0 -5 10 10\\" refX=\\"12\\" markerWidth=\\"14\\" markerHeight=\\"14\\" markerUnits=\\"userSpaceOnUse\\" orient=\\"auto\\"><path d=\\"M 0 -5 L 10 0 L 0 5 z\\"></path></marker><marker id=\\"end-selected-undefined\\" viewBox=\\"0 -5 10 10\\" refX=\\"0\\" markerWidth=\\"14\\" markerHeight=\\"14\\" markerUnits=\\"userSpaceOnUse\\" orient=\\"auto\\"><path d=\\"M 0 -5 L 10 0 L 0 5 z\\"></path></marker><marker id=\\"end-highlighted-15\\" viewBox=\\"0 -5 10 10\\" refX=\\"10\\" markerWidth=\\"14\\" markerHeight=\\"14\\" markerUnits=\\"userSpaceOnUse\\" orient=\\"auto\\"><path d=\\"M 0 -5 L 10 0 L 0 5 z\\"></path></marker><marker id=\\"end-highlighted-20\\" viewBox=\\"0 -5 10 10\\" refX=\\"24\\" markerWidth=\\"14\\" markerHeight=\\"14\\" markerUnits=\\"userSpaceOnUse\\" orient=\\"auto\\"><path d=\\"M 0 -5 L 10 0 L 0 5 z\\"></path></marker><marker id=\\"end-highlighted-100\\" viewBox=\\"0 -5 10 10\\" refX=\\"12\\" markerWidth=\\"14\\" markerHeight=\\"14\\" markerUnits=\\"userSpaceOnUse\\" orient=\\"auto\\"><path d=\\"M 0 -5 L 10 0 L 0 5 z\\"></path></marker><marker id=\\"end-highlighted-undefined\\" viewBox=\\"0 -5 10 10\\" refX=\\"0\\" markerWidth=\\"14\\" markerHeight=\\"14\\" markerUnits=\\"userSpaceOnUse\\" orient=\\"auto\\"><path d=\\"M 0 -5 L 10 0 L 0 5 z\\"></path></marker><marker id=\\"end-unknown-15\\" viewBox=\\"0 -5 10 10\\" refX=\\"10\\" markerWidth=\\"14\\" markerHeight=\\"14\\" markerUnits=\\"userSpaceOnUse\\" orient=\\"auto\\"><path d=\\"M 0 -5 L 10 0 L 0 5 z\\"></path></marker><marker id=\\"end-unknown-20\\" viewBox=\\"0 -5 10 10\\" refX=\\"24\\" markerWidth=\\"14\\" markerHeight=\\"14\\" markerUnits=\\"userSpaceOnUse\\" orient=\\"auto\\"><path d=\\"M 0 -5 L 10 0 L 0 5 z\\"></path></marker><marker id=\\"end-unknown-100\\" viewBox=\\"0 -5 10 10\\" refX=\\"12\\" markerWidth=\\"14\\" markerHeight=\\"14\\" markerUnits=\\"userSpaceOnUse\\" orient=\\"auto\\"><path d=\\"M 0 -5 L 10 0 L 0 5 z\\"></path></marker><marker id=\\"end-unknown-undefined\\" viewBox=\\"0 -5 10 10\\" refX=\\"0\\" markerWidth=\\"14\\" markerHeight=\\"14\\" markerUnits=\\"userSpaceOnUse\\" orient=\\"auto\\"><path d=\\"M 0 -5 L 10 0 L 0 5 z\\"></path></marker><marker id=\\"site-end\\" viewBox=\\"0 -5 10 10\\" refX=\\"8\\" markerWidth=\\"14\\" markerHeight=\\"14\\" markerUnits=\\"userSpaceOnUse\\" orient=\\"auto\\"><path d=\\"M 0 -5 L 10 0 L 0 5 z\\"></path></marker><marker id=\\"http-end\\" viewBox=\\"0 -5 10 10\\" refX=\\"8\\" markerWidth=\\"14\\" markerHeight=\\"14\\" markerUnits=\\"userSpaceOnUse\\" orient=\\"auto\\"><path d=\\"M 0 -5 L 10 0 L 0 5 z\\"></path></marker><marker id=\\"tcp-end\\" viewBox=\\"0 -5 10 10\\" refX=\\"10\\" markerWidth=\\"14\\" markerHeight=\\"14\\" markerUnits=\\"userSpaceOnUse\\" orient=\\"auto\\"><path d=\\"M 0 -5 L 10 0 L 0 5 L 5 0 z\\"></path></marker></defs><defs><filter id=\\"glow\\" filterUnits=\\"userSpaceOnUse\\" x=\\"-50%\\" y=\\"-50%\\" width=\\"200%\\" height=\\"200%\\"><feGaussianBlur in=\\"SourceGraphic\\" stdDeviation=\\"5\\" result=\\"blur5\\"></feGaussianBlur><feGaussianBlur in=\\"SourceGraphic\\" stdDeviation=\\"10\\" result=\\"blur10\\"></feGaussianBlur><feGaussianBlur in=\\"SourceGraphic\\" stdDeviation=\\"20\\" result=\\"blur20\\"></feGaussianBlur><feGaussianBlur in=\\"SourceGraphic\\" stdDeviation=\\"30\\" result=\\"blur30\\"></feGaussianBlur><feGaussianBlur in=\\"SourceGraphic\\" stdDeviation=\\"50\\" result=\\"blur50\\"></feGaussianBlur><feMerge result=\\"blur-merged\\"><feMergeNode in=\\"blur10\\"></feMergeNode><feMergeNode in=\\"blur20\\"></feMergeNode><feMergeNode in=\\"blur30\\"></feMergeNode><feMergeNode in=\\"blur50\\"></feMergeNode></feMerge><feColorMatrix result=\\"green-blur\\" in=\\"blur-merged\\" type=\\"matrix\\" value=\\"1 0 0 0 0 0 0.06 0 0 0 0 0 0.44 0 0 0 0 0 1 0\\"></feColorMatrix><feMerge><feMergeNode in=\\"green-blur\\"></feMergeNode><feMergeNode in=\\"blur5\\"></feMergeNode><feMergeNode in=\\"SourceGraphic\\"></feMergeNode></feMerge></filter></defs><g class=\\"clusters\\"><g class=\\"cluster site\\" transform=\\"translate(837.3333333333333,740)\\" id=\\"#SVG_ID-$cluster-mini1\\"><g class=\\"cluster-rects\\" opacity=\\"1\\"><circle class=\\"network dim\\" r=\\"350\\" cx=\\"350\\" cy=\\"350\\" fill=\\"rgb(233,241,248)\\" stroke=\\"#1f77b4\\" opacity=\\"1\\"></circle><text class=\\"cluster-name\\" x=\\"350\\" y=\\"-10\\" dominant-baseline=\\"middle\\" text-anchor=\\"middle\\">mini1</text></g></g><g class=\\"cluster site\\" transform=\\"translate(178.66666666666663,30)\\" id=\\"#SVG_ID-$cluster-site-a\\"><g class=\\"cluster-rects\\" opacity=\\"1\\"><circle class=\\"network dim\\" r=\\"240\\" cx=\\"240\\" cy=\\"240\\" fill=\\"rgb(255,242,231)\\" stroke=\\"#ff7f0e\\" opacity=\\"1\\"></circle><text class=\\"cluster-name\\" x=\\"240\\" y=\\"-10\\" dominant-baseline=\\"middle\\" text-anchor=\\"middle\\">site-a</text></g></g><g class=\\"cluster site\\" transform=\\"translate(837.3333333333333,30)\\" id=\\"#SVG_ID-$cluster-site-b\\"><g class=\\"cluster-rects\\" opacity=\\"1\\"><circle class=\\"network dim\\" r=\\"350\\" cx=\\"350\\" cy=\\"350\\" fill=\\"rgb(234,246,234)\\" stroke=\\"#2ca02c\\" opacity=\\"1\\"></circle><text class=\\"cluster-name\\" x=\\"350\\" y=\\"-10\\" dominant-baseline=\\"middle\\" text-anchor=\\"middle\\">site-b</text></g></g></g><defs class=\\"statPaths\\"><path id=\\"SVG_ID-statPath-m32q5a0vtb-cartservice-m32q5a0vtb-redis-cart\\" d=\\"M1220.2002370569696,253.8772468274528C1270.2002370569696,253.8772468274528,1270.2002370569696,377.2105801607862,1320.2002370569696,377.2105801607862\\"></path><path id=\\"SVG_ID-statPath-m32q5a0vtb-checkoutservice-m32q5a0vtb-cartservice\\" d=\\"M994.4644246745606,377.2126422713223C1044.4644246745606,377.2126422713223,1044.4644246745606,253.87930893798892,1094.4644246745606,253.87930893798892\\"></path><path id=\\"SVG_ID-statPath-m32q5a0vtb-checkoutservice-m32q5a0vtb-currencyservice\\" d=\\"M1000.1827846812698,377.1927545501431C1050.1827846812698,377.1927545501431,1050.1827846812698,500.5260878834764,1100.1827846812698,500.5260878834764\\"></path><path id=\\"SVG_ID-statPath-m32q5a0vtb-checkoutservice-aArHqpCWpc-emailservice\\" d=\\"M1001.232126924558,379.1059035102266C1051.232126924558,379.1059035102266,1051.232126924558,904.1059035102267,1101.232126924558,904.1059035102267\\"></path><path id=\\"SVG_ID-statPath-m32q5a0vtb-checkoutservice-aArHqpCWpc-paymentservice\\" d=\\"M1001.2771269604593,379.33179956102987C1051.2771269604593,379.33179956102987,1051.2771269604593,1089.3317995610298,1101.2771269604593,1089.3317995610298\\"></path><path id=\\"SVG_ID-statPath-m32q5a0vtb-checkoutservice-7hZ9GQzD6u-productcatalogservice\\" d=\\"M435.7080190143852,180.64141876008816C715.0413523477184,180.64141876008816,715.0413523477184,377.3080854267548,994.3746856810518,377.3080854267548\\"></path><path id=\\"SVG_ID-statPath-m32q5a0vtb-checkoutservice-aArHqpCWpc-shippingservice\\" d=\\"M1001.2977077227283,379.4673315283323C1051.2977077227283,379.4673315283323,1051.2977077227283,1274.4673315283324,1101.2977077227283,1274.4673315283324\\"></path><path id=\\"SVG_ID-statPath-7hZ9GQzD6u-frontend-5d68fd5b7d-6kgx5-m32q5a0vtb-cartservice\\" d=\\"M337.21266432712366,266.2736241203277C716.545997660457,266.2736241203277,716.545997660457,252.94029078699435,1095.8793309937903,252.94029078699435\\"></path><path id=\\"SVG_ID-statPath-7hZ9GQzD6u-frontend-5d68fd5b7d-6kgx5-m32q5a0vtb-checkoutservice\\" d=\\"M340.76694767671995,266.5957644501578C610.1002810100533,266.5957644501578,610.1002810100533,376.5957644501578,879.4336143433866,376.5957644501578\\"></path><path id=\\"SVG_ID-statPath-7hZ9GQzD6u-frontend-5d68fd5b7d-6kgx5-m32q5a0vtb-currencyservice\\" d=\\"M342.0817990926888,267.91748457082986C721.4151324260222,267.91748457082986,721.4151324260222,501.25081790416317,1100.7484657593554,501.25081790416317\\"></path><path id=\\"SVG_ID-statPath-7hZ9GQzD6u-frontend-5d68fd5b7d-6kgx5-7hZ9GQzD6u-productcatalogservice\\" d=\\"M336.3247044512892,266.7572830864005C386.3247044512892,266.7572830864005,386.3247044512892,180.09061641973383,436.3247044512892,180.09061641973383\\"></path><path id=\\"SVG_ID-statPath-7hZ9GQzD6u-frontend-5d68fd5b7d-6kgx5-7hZ9GQzD6u-recommendationservice\\" d=\\"M340.26006184872693,266.33106394253224C390.26006184872693,266.33106394253224,390.26006184872693,352.9977306091989,440.26006184872693,352.9977306091989\\"></path><path id=\\"SVG_ID-statPath-7hZ9GQzD6u-frontend-5d68fd5b7d-6kgx5-aArHqpCWpc-shippingservice\\" d=\\"M342.6359186258944,269.50498597578826C721.9692519592278,269.50498597578826,721.9692519592278,1274.5049859757883,1101.3025852925612,1274.5049859757883\\"></path><path id=\\"SVG_ID-statPath-7hZ9GQzD6u-recommendationservice-7hZ9GQzD6u-productcatalogservice\\" d=\\"M498.66666666666663,336.6666666666667C498.66666666666663,270,498.66666666666663,270,498.66666666666663,203.33333333333334\\"></path></defs><g class=\\"services\\"><g class=\\"service-type\\" transform=\\"translate(1097.3333333333333,236.66666666666666)\\"><title>cartservice</title><rect class=\\"service-type\\" rx=\\"5\\" ry=\\"5\\" width=\\"120\\" height=\\"40\\" stroke=\\"#000000\\"></rect><text class=\\"service-type\\" x=\\"60\\" y=\\"20\\" dominant-baseline=\\"middle\\" text-anchor=\\"middle\\">cartservice</text><circle class=\\"end-point source\\" r=\\"6\\" cx=\\"120\\" cy=\\"20\\"></circle><rect class=\\"end-point source\\" x=\\"0\\" y=\\"0\\" width=\\"10\\" height=\\"10\\" transform=\\"translate(0,13) rotate(45)\\"></rect></g><g class=\\"service-type\\" transform=\\"translate(877.3333333333333,360)\\"><title>checkoutservice</title><rect class=\\"service-type\\" rx=\\"5\\" ry=\\"5\\" width=\\"120\\" height=\\"40\\" stroke=\\"#000000\\"></rect><text class=\\"service-type\\" x=\\"60\\" y=\\"20\\" dominant-baseline=\\"middle\\" text-anchor=\\"middle\\">checkoutservice</text><circle class=\\"end-point source\\" r=\\"6\\" cx=\\"120\\" cy=\\"20\\"></circle><rect class=\\"end-point source\\" x=\\"0\\" y=\\"0\\" width=\\"10\\" height=\\"10\\" transform=\\"translate(0,13) rotate(45)\\"></rect></g><g class=\\"service-type\\" transform=\\"translate(1097.3333333333333,483.3333333333333)\\"><title>currencyservice</title><rect class=\\"service-type\\" rx=\\"5\\" ry=\\"5\\" width=\\"120\\" height=\\"40\\" stroke=\\"#000000\\"></rect><text class=\\"service-type\\" x=\\"60\\" y=\\"20\\" dominant-baseline=\\"middle\\" text-anchor=\\"middle\\">currencyservice</text><rect class=\\"end-point source\\" x=\\"0\\" y=\\"0\\" width=\\"10\\" height=\\"10\\" transform=\\"translate(0,13) rotate(45)\\"></rect></g><g class=\\"service-type\\" transform=\\"translate(1097.3333333333333,885)\\"><title>emailservice</title><rect class=\\"service-type\\" rx=\\"5\\" ry=\\"5\\" width=\\"120\\" height=\\"40\\" stroke=\\"#000000\\"></rect><text class=\\"service-type\\" x=\\"60\\" y=\\"20\\" dominant-baseline=\\"middle\\" text-anchor=\\"middle\\">emailservice</text><rect class=\\"end-point source\\" x=\\"0\\" y=\\"0\\" width=\\"10\\" height=\\"10\\" transform=\\"translate(0,13) rotate(45)\\"></rect></g><g class=\\"service-type\\" transform=\\"translate(218.66666666666663,250)\\"><title>frontend</title><rect class=\\"service-type\\" rx=\\"5\\" ry=\\"5\\" width=\\"120\\" height=\\"40\\" stroke=\\"#000000\\"></rect><text class=\\"service-type\\" x=\\"60\\" y=\\"20\\" dominant-baseline=\\"middle\\" text-anchor=\\"middle\\">frontend</text><circle class=\\"end-point source\\" r=\\"6\\" cx=\\"120\\" cy=\\"20\\"></circle></g><g class=\\"service-type\\" transform=\\"translate(1097.3333333333333,1070)\\"><title>paymentservice</title><rect class=\\"service-type\\" rx=\\"5\\" ry=\\"5\\" width=\\"120\\" height=\\"40\\" stroke=\\"#000000\\"></rect><text class=\\"service-type\\" x=\\"60\\" y=\\"20\\" dominant-baseline=\\"middle\\" text-anchor=\\"middle\\">paymentservice</text><rect class=\\"end-point source\\" x=\\"0\\" y=\\"0\\" width=\\"10\\" height=\\"10\\" transform=\\"translate(0,13) rotate(45)\\"></rect></g><g class=\\"service-type\\" transform=\\"translate(438.66666666666663,163.33333333333334)\\"><title>productcatalogservice</title><rect class=\\"service-type\\" rx=\\"5\\" ry=\\"5\\" width=\\"120\\" height=\\"40\\" stroke=\\"#000000\\"></rect><text class=\\"service-type\\" x=\\"60\\" y=\\"20\\" dominant-baseline=\\"middle\\" text-anchor=\\"middle\\">productcatalogservice</text><rect class=\\"end-point source\\" x=\\"0\\" y=\\"0\\" width=\\"10\\" height=\\"10\\" transform=\\"translate(0,13) rotate(45)\\"></rect></g><g class=\\"service-type\\" transform=\\"translate(438.66666666666663,336.6666666666667)\\"><title>recommendationservice</title><rect class=\\"service-type\\" rx=\\"5\\" ry=\\"5\\" width=\\"120\\" height=\\"40\\" stroke=\\"#000000\\"></rect><text class=\\"service-type\\" x=\\"60\\" y=\\"20\\" dominant-baseline=\\"middle\\" text-anchor=\\"middle\\">recommendationservice</text><circle class=\\"end-point source\\" r=\\"6\\" cx=\\"120\\" cy=\\"20\\"></circle><rect class=\\"end-point source\\" x=\\"0\\" y=\\"0\\" width=\\"10\\" height=\\"10\\" transform=\\"translate(0,13) rotate(45)\\"></rect></g><g class=\\"service-type\\" transform=\\"translate(1317.3333333333333,360)\\"><title>redis-cart</title><rect class=\\"service-type\\" rx=\\"5\\" ry=\\"5\\" width=\\"120\\" height=\\"40\\" stroke=\\"#000000\\"></rect><text class=\\"service-type\\" x=\\"60\\" y=\\"20\\" dominant-baseline=\\"middle\\" text-anchor=\\"middle\\">redis-cart</text><rect class=\\"end-point source\\" x=\\"0\\" y=\\"0\\" width=\\"10\\" height=\\"10\\" transform=\\"translate(0,13) rotate(45)\\"></rect></g><g class=\\"service-type\\" transform=\\"translate(1097.3333333333333,1255)\\"><title>shippingservice</title><rect class=\\"service-type\\" rx=\\"5\\" ry=\\"5\\" width=\\"120\\" height=\\"40\\" stroke=\\"#000000\\"></rect><text class=\\"service-type\\" x=\\"60\\" y=\\"20\\" dominant-baseline=\\"middle\\" text-anchor=\\"middle\\">shippingservice</text><rect class=\\"end-point source\\" x=\\"0\\" y=\\"0\\" width=\\"10\\" height=\\"10\\" transform=\\"translate(0,13) rotate(45)\\"></rect></g></g><g class=\\"links\\"><g><path class=\\"service\\" style=\\"display: none;\\" d=\\"M1217.3333333333333,246.59837244112177C1267.3333333333333,246.59837244112177,1267.3333333333333,369.9317057744551,1317.3333333333333,369.9317057744551L1317.3333333333333,390.0682942255449C1267.3333333333333,390.0682942255449,1267.3333333333333,266.7349608922115,1217.3333333333333,266.7349608922115Z\\"></path><path class=\\"servicesankeyDir tcp\\" stroke-width=\\"2\\" id=\\"dir-cartservice-redis-cart\\" marker-end=\\"url(#http-end)\\" d=\\"M1217.3333333333333,256.66666666666663C1267.3333333333333,256.66666666666663,1267.3333333333333,380,1317.3333333333333,380\\"></path><path class=\\"hittarget\\" id=\\"hitpath-cartservice-redis-cart\\" stroke-width=\\"6\\" d=\\"M1217.3333333333333,256.66666666666663C1267.3333333333333,256.66666666666663,1267.3333333333333,380,1317.3333333333333,380\\"></path><text font-size=\\"12px\\" font-weight=\\"bold\\"><textPath class=\\"stats\\" side=\\"left\\" text-anchor=\\"middle\\" startOffset=\\"50%\\" text-length=\\"100%\\" href=\\"#SVG_ID-statPath-m32q5a0vtb-cartservice-m32q5a0vtb-redis-cart\\">5.43 KB </textPath></text></g><g><path class=\\"service\\" style=\\"display: none;\\" d=\\"M997.3333333333333,379.8550542490474C1047.3333333333333,379.8550542490474,1047.3333333333333,256.521720915714,1097.3333333333333,256.521720915714L1097.3333333333333,256.81161241761924C1047.3333333333333,256.81161241761924,1047.3333333333333,380.1449457509526,997.3333333333333,380.1449457509526Z\\"></path><path class=\\"servicesankeyDir\\" stroke-width=\\"2\\" id=\\"dir-checkoutservice-cartservice\\" marker-end=\\"url(#end--15)\\" d=\\"M997.3333333333333,380C1047.3333333333333,380,1047.3333333333333,256.66666666666663,1097.3333333333333,256.66666666666663\\"></path><path class=\\"hittarget\\" id=\\"hitpath-checkoutservice-cartservice\\" stroke-width=\\"6\\" d=\\"M997.3333333333333,380C1047.3333333333333,380,1047.3333333333333,256.66666666666663,1097.3333333333333,256.66666666666663\\"></path><text font-size=\\"12px\\" font-weight=\\"bold\\"><textPath class=\\"stats\\" side=\\"left\\" text-anchor=\\"middle\\" startOffset=\\"50%\\" text-length=\\"100%\\" href=\\"#SVG_ID-statPath-m32q5a0vtb-checkoutservice-m32q5a0vtb-cartservice\\">80  bytes </textPath></text></g><g><path class=\\"service\\" style=\\"display: none;\\" d=\\"M997.3333333333333,379.9003497962201C1047.3333333333333,379.9003497962201,1047.3333333333333,503.2336831295534,1097.3333333333333,503.2336831295534L1097.3333333333333,503.4329835371132C1047.3333333333333,503.4329835371132,1047.3333333333333,380.0996502037799,997.3333333333333,380.0996502037799Z\\"></path><path class=\\"servicesankeyDir\\" stroke-width=\\"2\\" id=\\"dir-checkoutservice-currencyservice\\" marker-end=\\"url(#end--15)\\" d=\\"M997.3333333333333,380C1047.3333333333333,380,1047.3333333333333,503.3333333333333,1097.3333333333333,503.3333333333333\\"></path><path class=\\"hittarget\\" id=\\"hitpath-checkoutservice-currencyservice\\" stroke-width=\\"6\\" d=\\"M997.3333333333333,380C1047.3333333333333,380,1047.3333333333333,503.3333333333333,1097.3333333333333,503.3333333333333\\"></path><text font-size=\\"12px\\" font-weight=\\"bold\\"><textPath class=\\"stats\\" side=\\"left\\" text-anchor=\\"middle\\" startOffset=\\"50%\\" text-length=\\"100%\\" href=\\"#SVG_ID-statPath-m32q5a0vtb-checkoutservice-m32q5a0vtb-currencyservice\\">55  bytes </textPath></text></g><g><path class=\\"service\\" style=\\"display: none;\\" d=\\"M997.3333333333333,379.99094089056547C1047.3333333333333,379.99094089056547,1047.3333333333333,904.9909408905654,1097.3333333333333,904.9909408905654L1097.3333333333333,905.0090591094346C1047.3333333333333,905.0090591094346,1047.3333333333333,380.00905910943453,997.3333333333333,380.00905910943453Z\\"></path><path class=\\"servicesankeyDir\\" stroke-width=\\"2\\" id=\\"dir-checkoutservice-emailservice\\" marker-end=\\"url(#end--15)\\" d=\\"M997.3333333333333,380C1047.3333333333333,380,1047.3333333333333,905,1097.3333333333333,905\\"></path><path class=\\"hittarget\\" id=\\"hitpath-checkoutservice-emailservice\\" stroke-width=\\"6\\" d=\\"M997.3333333333333,380C1047.3333333333333,380,1047.3333333333333,905,1097.3333333333333,905\\"></path><text font-size=\\"12px\\" font-weight=\\"bold\\"><textPath class=\\"stats\\" side=\\"left\\" text-anchor=\\"middle\\" startOffset=\\"50%\\" text-length=\\"100%\\" href=\\"#SVG_ID-statPath-m32q5a0vtb-checkoutservice-aArHqpCWpc-emailservice\\">5  bytes </textPath></text></g><g><path class=\\"service\\" style=\\"display: none;\\" d=\\"M997.3333333333333,379.922091658863C1047.3333333333333,379.922091658863,1047.3333333333333,1089.9220916588629,1097.3333333333333,1089.9220916588629L1097.3333333333333,1090.0779083411371C1047.3333333333333,1090.0779083411371,1047.3333333333333,380.077908341137,997.3333333333333,380.077908341137Z\\"></path><path class=\\"servicesankeyDir\\" stroke-width=\\"2\\" id=\\"dir-checkoutservice-paymentservice\\" marker-end=\\"url(#end--15)\\" d=\\"M997.3333333333333,380C1047.3333333333333,380,1047.3333333333333,1090,1097.3333333333333,1090\\"></path><path class=\\"hittarget\\" id=\\"hitpath-checkoutservice-paymentservice\\" stroke-width=\\"6\\" d=\\"M997.3333333333333,380C1047.3333333333333,380,1047.3333333333333,1090,1097.3333333333333,1090\\"></path><text font-size=\\"12px\\" font-weight=\\"bold\\"><textPath class=\\"stats\\" side=\\"left\\" text-anchor=\\"middle\\" startOffset=\\"50%\\" text-length=\\"100%\\" href=\\"#SVG_ID-statPath-m32q5a0vtb-checkoutservice-aArHqpCWpc-paymentservice\\">43  bytes </textPath></text></g><g><path class=\\"service\\" style=\\"display: none;\\" d=\\"M877.3333333333333,379.38035691467763C718,379.38035691467763,718,182.71369024801098,558.6666666666666,182.71369024801098L558.6666666666666,183.9529764186557C718,183.9529764186557,718,380.61964308532237,877.3333333333333,380.61964308532237Z\\"></path><path class=\\"servicesankeyDir\\" stroke-width=\\"2\\" id=\\"dir-checkoutservice-productcatalogservice\\" marker-end=\\"url(#end--15)\\" d=\\"M877.3333333333333,380C718,380,718,183.33333333333334,558.6666666666666,183.33333333333334\\"></path><path class=\\"hittarget\\" id=\\"hitpath-checkoutservice-productcatalogservice\\" stroke-width=\\"6\\" d=\\"M877.3333333333333,380C718,380,718,183.33333333333334,558.6666666666666,183.33333333333334\\"></path><text font-size=\\"12px\\" font-weight=\\"bold\\"><textPath class=\\"stats\\" side=\\"left\\" text-anchor=\\"middle\\" startOffset=\\"50%\\" text-length=\\"100%\\" href=\\"#SVG_ID-statPath-m32q5a0vtb-checkoutservice-7hZ9GQzD6u-productcatalogservice\\">342  bytes </textPath></text></g><g><path class=\\"service\\" style=\\"display: none;\\" d=\\"M997.3333333333333,379.91846801508916C1047.3333333333333,379.91846801508916,1047.3333333333333,1274.9184680150893,1097.3333333333333,1274.9184680150893L1097.3333333333333,1275.0815319849107C1047.3333333333333,1275.0815319849107,1047.3333333333333,380.08153198491084,997.3333333333333,380.08153198491084Z\\"></path><path class=\\"servicesankeyDir\\" stroke-width=\\"2\\" id=\\"dir-checkoutservice-shippingservice\\" marker-end=\\"url(#end--15)\\" d=\\"M997.3333333333333,380C1047.3333333333333,380,1047.3333333333333,1275,1097.3333333333333,1275\\"></path><path class=\\"hittarget\\" id=\\"hitpath-checkoutservice-shippingservice\\" stroke-width=\\"6\\" d=\\"M997.3333333333333,380C1047.3333333333333,380,1047.3333333333333,1275,1097.3333333333333,1275\\"></path><text font-size=\\"12px\\" font-weight=\\"bold\\"><textPath class=\\"stats\\" side=\\"left\\" text-anchor=\\"middle\\" startOffset=\\"50%\\" text-length=\\"100%\\" href=\\"#SVG_ID-statPath-m32q5a0vtb-checkoutservice-aArHqpCWpc-shippingservice\\">45  bytes </textPath></text></g><g><path class=\\"service\\" style=\\"display: none;\\" d=\\"M338.66666666666663,269.4691361871361C718,269.4691361871361,718,256.1358028538027,1097.3333333333333,256.1358028538027L1097.3333333333333,257.19753047953054C718,257.19753047953054,718,270.5308638128639,338.66666666666663,270.5308638128639Z\\"></path><path class=\\"servicesankeyDir\\" stroke-width=\\"2\\" id=\\"dir-frontend-5d68fd5b7d-6kgx5-cartservice\\" marker-end=\\"url(#end--15)\\" d=\\"M338.66666666666663,270C718,270,718,256.66666666666663,1097.3333333333333,256.66666666666663\\"></path><path class=\\"hittarget\\" id=\\"hitpath-frontend-5d68fd5b7d-6kgx5-cartservice\\" stroke-width=\\"6\\" d=\\"M338.66666666666663,270C718,270,718,256.66666666666663,1097.3333333333333,256.66666666666663\\"></path><text font-size=\\"12px\\" font-weight=\\"bold\\"><textPath class=\\"stats\\" side=\\"left\\" text-anchor=\\"middle\\" startOffset=\\"50%\\" text-length=\\"100%\\" href=\\"#SVG_ID-statPath-7hZ9GQzD6u-frontend-5d68fd5b7d-6kgx5-m32q5a0vtb-cartservice\\">293  bytes </textPath></text></g><g><path class=\\"service\\" style=\\"display: none;\\" d=\\"M338.66666666666663,269.61045829431487C608,269.61045829431487,608,379.61045829431487,877.3333333333333,379.61045829431487L877.3333333333333,380.38954170568513C608,380.38954170568513,608,270.38954170568513,338.66666666666663,270.38954170568513Z\\"></path><path class=\\"servicesankeyDir\\" stroke-width=\\"2\\" id=\\"dir-frontend-5d68fd5b7d-6kgx5-checkoutservice\\" marker-end=\\"url(#end--15)\\" d=\\"M338.66666666666663,270C608,270,608,380,877.3333333333333,380\\"></path><path class=\\"hittarget\\" id=\\"hitpath-frontend-5d68fd5b7d-6kgx5-checkoutservice\\" stroke-width=\\"6\\" d=\\"M338.66666666666663,270C608,270,608,380,877.3333333333333,380\\"></path><text font-size=\\"12px\\" font-weight=\\"bold\\"><textPath class=\\"stats\\" side=\\"left\\" text-anchor=\\"middle\\" startOffset=\\"50%\\" text-length=\\"100%\\" href=\\"#SVG_ID-statPath-7hZ9GQzD6u-frontend-5d68fd5b7d-6kgx5-m32q5a0vtb-checkoutservice\\">215  bytes </textPath></text></g><g><path class=\\"service\\" style=\\"display: none;\\" d=\\"M338.66666666666663,266.8981609296144C718,266.8981609296144,718,500.2314942629477,1097.3333333333333,500.2314942629477L1097.3333333333333,506.4351724037189C718,506.4351724037189,718,273.1018390703856,338.66666666666663,273.1018390703856Z\\"></path><path class=\\"servicesankeyDir\\" stroke-width=\\"2\\" id=\\"dir-frontend-5d68fd5b7d-6kgx5-currencyservice\\" marker-end=\\"url(#end--15)\\" d=\\"M338.66666666666663,270C718,270,718,503.3333333333333,1097.3333333333333,503.3333333333333\\"></path><path class=\\"hittarget\\" id=\\"hitpath-frontend-5d68fd5b7d-6kgx5-currencyservice\\" stroke-width=\\"6\\" d=\\"M338.66666666666663,270C718,270,718,503.3333333333333,1097.3333333333333,503.3333333333333\\"></path><text font-size=\\"12px\\" font-weight=\\"bold\\"><textPath class=\\"stats\\" side=\\"left\\" text-anchor=\\"middle\\" startOffset=\\"50%\\" text-length=\\"100%\\" href=\\"#SVG_ID-statPath-7hZ9GQzD6u-frontend-5d68fd5b7d-6kgx5-m32q5a0vtb-currencyservice\\">1.67 KB </textPath></text></g><g><path class=\\"service\\" style=\\"display: none;\\" d=\\"M338.66666666666663,253.25514212120106C388.66666666666663,253.25514212120106,388.66666666666663,166.5884754545344,438.66666666666663,166.5884754545344L438.66666666666663,200.07819121213228C388.66666666666663,200.07819121213228,388.66666666666663,286.74485787879894,338.66666666666663,286.74485787879894Z\\"></path><path class=\\"servicesankeyDir\\" stroke-width=\\"2\\" id=\\"dir-frontend-5d68fd5b7d-6kgx5-productcatalogservice\\" marker-end=\\"url(#end--15)\\" d=\\"M338.66666666666663,270C388.66666666666663,270,388.66666666666663,183.33333333333334,438.66666666666663,183.33333333333334\\"></path><path class=\\"hittarget\\" id=\\"hitpath-frontend-5d68fd5b7d-6kgx5-productcatalogservice\\" stroke-width=\\"6\\" d=\\"M338.66666666666663,270C388.66666666666663,270,388.66666666666663,183.33333333333334,438.66666666666663,183.33333333333334\\"></path><text font-size=\\"12px\\" font-weight=\\"bold\\"><textPath class=\\"stats\\" side=\\"left\\" text-anchor=\\"middle\\" startOffset=\\"50%\\" text-length=\\"100%\\" href=\\"#SVG_ID-statPath-7hZ9GQzD6u-frontend-5d68fd5b7d-6kgx5-7hZ9GQzD6u-productcatalogservice\\">9.03 KB </textPath></text></g><g><path class=\\"service\\" style=\\"display: none;\\" d=\\"M338.66666666666663,269.2933894641061C388.66666666666663,269.2933894641061,388.66666666666663,355.9600561307728,438.66666666666663,355.9600561307728L438.66666666666663,357.3732772025606C388.66666666666663,357.3732772025606,388.66666666666663,270.7066105358939,338.66666666666663,270.7066105358939Z\\"></path><path class=\\"servicesankeyDir\\" stroke-width=\\"2\\" id=\\"dir-frontend-5d68fd5b7d-6kgx5-recommendationservice\\" marker-end=\\"url(#end--15)\\" d=\\"M338.66666666666663,270C388.66666666666663,270,388.66666666666663,356.6666666666667,438.66666666666663,356.6666666666667\\"></path><path class=\\"hittarget\\" id=\\"hitpath-frontend-5d68fd5b7d-6kgx5-recommendationservice\\" stroke-width=\\"6\\" d=\\"M338.66666666666663,270C388.66666666666663,270,388.66666666666663,356.6666666666667,438.66666666666663,356.6666666666667\\"></path><text font-size=\\"12px\\" font-weight=\\"bold\\"><textPath class=\\"stats\\" side=\\"left\\" text-anchor=\\"middle\\" startOffset=\\"50%\\" text-length=\\"100%\\" href=\\"#SVG_ID-statPath-7hZ9GQzD6u-frontend-5d68fd5b7d-6kgx5-7hZ9GQzD6u-recommendationservice\\">390  bytes </textPath></text></g><g><path class=\\"service\\" style=\\"display: none;\\" d=\\"M338.66666666666663,269.89129068678557C718,269.89129068678557,718,1274.8912906867856,1097.3333333333333,1274.8912906867856L1097.3333333333333,1275.1087093132144C718,1275.1087093132144,718,270.10870931321443,338.66666666666663,270.10870931321443Z\\"></path><path class=\\"servicesankeyDir\\" stroke-width=\\"2\\" id=\\"dir-frontend-5d68fd5b7d-6kgx5-shippingservice\\" marker-end=\\"url(#end--15)\\" d=\\"M338.66666666666663,270C718,270,718,1275,1097.3333333333333,1275\\"></path><path class=\\"hittarget\\" id=\\"hitpath-frontend-5d68fd5b7d-6kgx5-shippingservice\\" stroke-width=\\"6\\" d=\\"M338.66666666666663,270C718,270,718,1275,1097.3333333333333,1275\\"></path><text font-size=\\"12px\\" font-weight=\\"bold\\"><textPath class=\\"stats\\" side=\\"left\\" text-anchor=\\"middle\\" startOffset=\\"50%\\" text-length=\\"100%\\" href=\\"#SVG_ID-statPath-7hZ9GQzD6u-frontend-5d68fd5b7d-6kgx5-aArHqpCWpc-shippingservice\\">60  bytes </textPath></text></g><g><path class=\\"service\\" style=\\"display: none;\\" d=\\"M438.66666666666663,229.34887560469429C438.66666666666663,283.0077711356805,438.66666666666663,283.0077711356805,438.66666666666663,336.6666666666667L558.6666666666666,336.6666666666667C558.6666666666666,283.0077711356805,558.6666666666666,283.0077711356805,558.6666666666666,229.34887560469429Z\\"></path><path class=\\"servicesankeyDir\\" stroke-width=\\"2\\" id=\\"dir-recommendationservice-productcatalogservice\\" marker-end=\\"url(#end--15)\\" d=\\"M498.66666666666663,336.6666666666667C498.66666666666663,270,498.66666666666663,270,498.66666666666663,203.33333333333334\\"></path><path class=\\"hittarget\\" id=\\"hitpath-recommendationservice-productcatalogservice\\" stroke-width=\\"6\\" d=\\"M498.66666666666663,336.6666666666667C498.66666666666663,270,498.66666666666663,270,498.66666666666663,203.33333333333334\\"></path><text font-size=\\"12px\\" font-weight=\\"bold\\"><textPath class=\\"stats\\" side=\\"left\\" text-anchor=\\"middle\\" startOffset=\\"50%\\" text-length=\\"100%\\" href=\\"#SVG_ID-statPath-7hZ9GQzD6u-recommendationservice-7hZ9GQzD6u-productcatalogservice\\">8.43 KB </textPath></text></g></g></g></g></svg>"`;
