// Jest Snapshot v1, https://goo.gl/fbAQLP

exports[`service view matches snapshot 1`] = `"<svg id=\\"SVG_ID\\" data-testid=\\"SVG_ID\\" width=\\"300\\" height=\\"300\\"><g><g class=\\"zoom\\"><defs class=\\"marker-defs\\"><marker id=\\"end--15\\" viewBox=\\"0 -5 10 10\\" refX=\\"10\\" markerWidth=\\"14\\" markerHeight=\\"14\\" markerUnits=\\"userSpaceOnUse\\" orient=\\"auto\\"><path d=\\"M 0 -5 L 10 0 L 0 5 z\\"></path></marker><marker id=\\"end--20\\" viewBox=\\"0 -5 10 10\\" refX=\\"24\\" markerWidth=\\"14\\" markerHeight=\\"14\\" markerUnits=\\"userSpaceOnUse\\" orient=\\"auto\\"><path d=\\"M 0 -5 L 10 0 L 0 5 z\\"></path></marker><marker id=\\"end--100\\" viewBox=\\"0 -5 10 10\\" refX=\\"12\\" markerWidth=\\"14\\" markerHeight=\\"14\\" markerUnits=\\"userSpaceOnUse\\" orient=\\"auto\\"><path d=\\"M 0 -5 L 10 0 L 0 5 z\\"></path></marker><marker id=\\"end--undefined\\" viewBox=\\"0 -5 10 10\\" refX=\\"0\\" markerWidth=\\"14\\" markerHeight=\\"14\\" markerUnits=\\"userSpaceOnUse\\" orient=\\"auto\\"><path d=\\"M 0 -5 L 10 0 L 0 5 z\\"></path></marker><marker id=\\"end-selected-15\\" viewBox=\\"0 -5 10 10\\" refX=\\"10\\" markerWidth=\\"14\\" markerHeight=\\"14\\" markerUnits=\\"userSpaceOnUse\\" orient=\\"auto\\"><path d=\\"M 0 -5 L 10 0 L 0 5 z\\"></path></marker><marker id=\\"end-selected-20\\" viewBox=\\"0 -5 10 10\\" refX=\\"24\\" markerWidth=\\"14\\" markerHeight=\\"14\\" markerUnits=\\"userSpaceOnUse\\" orient=\\"auto\\"><path d=\\"M 0 -5 L 10 0 L 0 5 z\\"></path></marker><marker id=\\"end-selected-100\\" viewBox=\\"0 -5 10 10\\" refX=\\"12\\" markerWidth=\\"14\\" markerHeight=\\"14\\" markerUnits=\\"userSpaceOnUse\\" orient=\\"auto\\"><path d=\\"M 0 -5 L 10 0 L 0 5 z\\"></path></marker><marker id=\\"end-selected-undefined\\" viewBox=\\"0 -5 10 10\\" refX=\\"0\\" markerWidth=\\"14\\" markerHeight=\\"14\\" markerUnits=\\"userSpaceOnUse\\" orient=\\"auto\\"><path d=\\"M 0 -5 L 10 0 L 0 5 z\\"></path></marker><marker id=\\"end-highlighted-15\\" viewBox=\\"0 -5 10 10\\" refX=\\"10\\" markerWidth=\\"14\\" markerHeight=\\"14\\" markerUnits=\\"userSpaceOnUse\\" orient=\\"auto\\"><path d=\\"M 0 -5 L 10 0 L 0 5 z\\"></path></marker><marker id=\\"end-highlighted-20\\" viewBox=\\"0 -5 10 10\\" refX=\\"24\\" markerWidth=\\"14\\" markerHeight=\\"14\\" markerUnits=\\"userSpaceOnUse\\" orient=\\"auto\\"><path d=\\"M 0 -5 L 10 0 L 0 5 z\\"></path></marker><marker id=\\"end-highlighted-100\\" viewBox=\\"0 -5 10 10\\" refX=\\"12\\" markerWidth=\\"14\\" markerHeight=\\"14\\" markerUnits=\\"userSpaceOnUse\\" orient=\\"auto\\"><path d=\\"M 0 -5 L 10 0 L 0 5 z\\"></path></marker><marker id=\\"end-highlighted-undefined\\" viewBox=\\"0 -5 10 10\\" refX=\\"0\\" markerWidth=\\"14\\" markerHeight=\\"14\\" markerUnits=\\"userSpaceOnUse\\" orient=\\"auto\\"><path d=\\"M 0 -5 L 10 0 L 0 5 z\\"></path></marker><marker id=\\"end-unknown-15\\" viewBox=\\"0 -5 10 10\\" refX=\\"10\\" markerWidth=\\"14\\" markerHeight=\\"14\\" markerUnits=\\"userSpaceOnUse\\" orient=\\"auto\\"><path d=\\"M 0 -5 L 10 0 L 0 5 z\\"></path></marker><marker id=\\"end-unknown-20\\" viewBox=\\"0 -5 10 10\\" refX=\\"24\\" markerWidth=\\"14\\" markerHeight=\\"14\\" markerUnits=\\"userSpaceOnUse\\" orient=\\"auto\\"><path d=\\"M 0 -5 L 10 0 L 0 5 z\\"></path></marker><marker id=\\"end-unknown-100\\" viewBox=\\"0 -5 10 10\\" refX=\\"12\\" markerWidth=\\"14\\" markerHeight=\\"14\\" markerUnits=\\"userSpaceOnUse\\" orient=\\"auto\\"><path d=\\"M 0 -5 L 10 0 L 0 5 z\\"></path></marker><marker id=\\"end-unknown-undefined\\" viewBox=\\"0 -5 10 10\\" refX=\\"0\\" markerWidth=\\"14\\" markerHeight=\\"14\\" markerUnits=\\"userSpaceOnUse\\" orient=\\"auto\\"><path d=\\"M 0 -5 L 10 0 L 0 5 z\\"></path></marker><marker id=\\"site-end\\" viewBox=\\"0 -5 10 10\\" refX=\\"8\\" markerWidth=\\"14\\" markerHeight=\\"14\\" markerUnits=\\"userSpaceOnUse\\" orient=\\"auto\\"><path d=\\"M 0 -5 L 10 0 L 0 5 z\\"></path></marker><marker id=\\"http-end\\" viewBox=\\"0 -5 10 10\\" refX=\\"8\\" markerWidth=\\"14\\" markerHeight=\\"14\\" markerUnits=\\"userSpaceOnUse\\" orient=\\"auto\\"><path d=\\"M 0 -5 L 10 0 L 0 5 z\\"></path></marker><marker id=\\"tcp-end\\" viewBox=\\"0 -5 10 10\\" refX=\\"10\\" markerWidth=\\"14\\" markerHeight=\\"14\\" markerUnits=\\"userSpaceOnUse\\" orient=\\"auto\\"><path d=\\"M 0 -5 L 10 0 L 0 5 L 5 0 z\\"></path></marker></defs><defs><filter id=\\"glow\\" filterUnits=\\"userSpaceOnUse\\" x=\\"-50%\\" y=\\"-50%\\" width=\\"200%\\" height=\\"200%\\"><feGaussianBlur in=\\"SourceGraphic\\" stdDeviation=\\"5\\" result=\\"blur5\\"></feGaussianBlur><feGaussianBlur in=\\"SourceGraphic\\" stdDeviation=\\"10\\" result=\\"blur10\\"></feGaussianBlur><feGaussianBlur in=\\"SourceGraphic\\" stdDeviation=\\"20\\" result=\\"blur20\\"></feGaussianBlur><feGaussianBlur in=\\"SourceGraphic\\" stdDeviation=\\"30\\" result=\\"blur30\\"></feGaussianBlur><feGaussianBlur in=\\"SourceGraphic\\" stdDeviation=\\"50\\" result=\\"blur50\\"></feGaussianBlur><feMerge result=\\"blur-merged\\"><feMergeNode in=\\"blur10\\"></feMergeNode><feMergeNode in=\\"blur20\\"></feMergeNode><feMergeNode in=\\"blur30\\"></feMergeNode><feMergeNode in=\\"blur50\\"></feMergeNode></feMerge><feColorMatrix result=\\"green-blur\\" in=\\"blur-merged\\" type=\\"matrix\\" value=\\"1 0 0 0 0 0 0.06 0 0 0 0 0 0.44 0 0 0 0 0 1 0\\"></feColorMatrix><feMerge><feMergeNode in=\\"green-blur\\"></feMergeNode><feMergeNode in=\\"blur5\\"></feMergeNode><feMergeNode in=\\"SourceGraphic\\"></feMergeNode></feMerge></filter></defs><defs class=\\"statPaths\\"><path id=\\"SVG_ID-statPath-cartservice-redis-cart\\"></path><path id=\\"SVG_ID-statPath-checkoutservice-cartservice\\"></path><path id=\\"SVG_ID-statPath-checkoutservice-currencyservice\\"></path><path id=\\"SVG_ID-statPath-checkoutservice-emailservice\\"></path><path id=\\"SVG_ID-statPath-checkoutservice-paymentservice\\"></path><path id=\\"SVG_ID-statPath-checkoutservice-productcatalogservice\\"></path><path id=\\"SVG_ID-statPath-checkoutservice-shippingservice\\"></path><path id=\\"SVG_ID-statPath-frontend-5d68fd5b7d-6kgx5-cartservice\\"></path><path id=\\"SVG_ID-statPath-frontend-5d68fd5b7d-6kgx5-checkoutservice\\"></path><path id=\\"SVG_ID-statPath-frontend-5d68fd5b7d-6kgx5-currencyservice\\"></path><path id=\\"SVG_ID-statPath-frontend-5d68fd5b7d-6kgx5-productcatalogservice\\"></path><path id=\\"SVG_ID-statPath-frontend-5d68fd5b7d-6kgx5-recommendationservice\\"></path><path id=\\"SVG_ID-statPath-frontend-5d68fd5b7d-6kgx5-shippingservice\\"></path><path id=\\"SVG_ID-statPath-recommendationservice-productcatalogservice\\"></path></defs><g class=\\"services\\"><g class=\\"service-type\\" transform=\\"translate(260,20)\\"><title>cartservice</title><rect class=\\"service-type\\" rx=\\"5\\" ry=\\"5\\" width=\\"120\\" height=\\"40\\" stroke=\\"#000000\\"></rect><text class=\\"service-type\\" x=\\"60\\" y=\\"20\\" dominant-baseline=\\"middle\\" text-anchor=\\"middle\\">cartservice</text><circle class=\\"end-point source\\" r=\\"6\\" cx=\\"120\\" cy=\\"20\\"></circle><rect class=\\"end-point source\\" x=\\"0\\" y=\\"0\\" width=\\"10\\" height=\\"10\\" transform=\\"translate(0,13) rotate(45)\\"></rect></g><g class=\\"service-type\\" transform=\\"translate(260,137.5)\\"><title>checkoutservice</title><rect class=\\"service-type\\" rx=\\"5\\" ry=\\"5\\" width=\\"120\\" height=\\"40\\" stroke=\\"#000000\\"></rect><text class=\\"service-type\\" x=\\"60\\" y=\\"20\\" dominant-baseline=\\"middle\\" text-anchor=\\"middle\\">checkoutservice</text><circle class=\\"end-point source\\" r=\\"6\\" cx=\\"120\\" cy=\\"20\\"></circle><rect class=\\"end-point source\\" x=\\"0\\" y=\\"0\\" width=\\"10\\" height=\\"10\\" transform=\\"translate(0,13) rotate(45)\\"></rect></g><g class=\\"service-type\\" transform=\\"translate(480,60)\\"><title>currencyservice</title><rect class=\\"service-type\\" rx=\\"5\\" ry=\\"5\\" width=\\"120\\" height=\\"40\\" stroke=\\"#000000\\"></rect><text class=\\"service-type\\" x=\\"60\\" y=\\"20\\" dominant-baseline=\\"middle\\" text-anchor=\\"middle\\">currencyservice</text><rect class=\\"end-point source\\" x=\\"0\\" y=\\"0\\" width=\\"10\\" height=\\"10\\" transform=\\"translate(0,13) rotate(45)\\"></rect></g><g class=\\"service-type\\" transform=\\"translate(480,160)\\"><title>emailservice</title><rect class=\\"service-type\\" rx=\\"5\\" ry=\\"5\\" width=\\"120\\" height=\\"40\\" stroke=\\"#000000\\"></rect><text class=\\"service-type\\" x=\\"60\\" y=\\"20\\" dominant-baseline=\\"middle\\" text-anchor=\\"middle\\">emailservice</text><rect class=\\"end-point source\\" x=\\"0\\" y=\\"0\\" width=\\"10\\" height=\\"10\\" transform=\\"translate(0,13) rotate(45)\\"></rect></g><g class=\\"service-type\\" transform=\\"translate(40,142.91666666666666)\\"><title>frontend</title><rect class=\\"service-type\\" rx=\\"5\\" ry=\\"5\\" width=\\"120\\" height=\\"40\\" stroke=\\"#000000\\"></rect><text class=\\"service-type\\" x=\\"60\\" y=\\"20\\" dominant-baseline=\\"middle\\" text-anchor=\\"middle\\">frontend</text><circle class=\\"end-point source\\" r=\\"6\\" cx=\\"120\\" cy=\\"20\\"></circle></g><g class=\\"service-type\\" transform=\\"translate(480,210)\\"><title>paymentservice</title><rect class=\\"service-type\\" rx=\\"5\\" ry=\\"5\\" width=\\"120\\" height=\\"40\\" stroke=\\"#000000\\"></rect><text class=\\"service-type\\" x=\\"60\\" y=\\"20\\" dominant-baseline=\\"middle\\" text-anchor=\\"middle\\">paymentservice</text><rect class=\\"end-point source\\" x=\\"0\\" y=\\"0\\" width=\\"10\\" height=\\"10\\" transform=\\"translate(0,13) rotate(45)\\"></rect></g><g class=\\"service-type\\" transform=\\"translate(480,260)\\"><title>productcatalogservice</title><rect class=\\"service-type\\" rx=\\"5\\" ry=\\"5\\" width=\\"120\\" height=\\"40\\" stroke=\\"#000000\\"></rect><text class=\\"service-type\\" x=\\"60\\" y=\\"20\\" dominant-baseline=\\"middle\\" text-anchor=\\"middle\\">productcatalogservice</text><rect class=\\"end-point source\\" x=\\"0\\" y=\\"0\\" width=\\"10\\" height=\\"10\\" transform=\\"translate(0,13) rotate(45)\\"></rect></g><g class=\\"service-type\\" transform=\\"translate(260,261)\\"><title>recommendationservice</title><rect class=\\"service-type\\" rx=\\"5\\" ry=\\"5\\" width=\\"120\\" height=\\"40\\" stroke=\\"#000000\\"></rect><text class=\\"service-type\\" x=\\"60\\" y=\\"20\\" dominant-baseline=\\"middle\\" text-anchor=\\"middle\\">recommendationservice</text><circle class=\\"end-point source\\" r=\\"6\\" cx=\\"120\\" cy=\\"20\\"></circle><rect class=\\"end-point source\\" x=\\"0\\" y=\\"0\\" width=\\"10\\" height=\\"10\\" transform=\\"translate(0,13) rotate(45)\\"></rect></g><g class=\\"service-type\\" transform=\\"translate(480,10)\\"><title>redis-cart</title><rect class=\\"service-type\\" rx=\\"5\\" ry=\\"5\\" width=\\"120\\" height=\\"40\\" stroke=\\"#000000\\"></rect><text class=\\"service-type\\" x=\\"60\\" y=\\"20\\" dominant-baseline=\\"middle\\" text-anchor=\\"middle\\">redis-cart</text><rect class=\\"end-point source\\" x=\\"0\\" y=\\"0\\" width=\\"10\\" height=\\"10\\" transform=\\"translate(0,13) rotate(45)\\"></rect></g><g class=\\"service-type\\" transform=\\"translate(480,110)\\"><title>shippingservice</title><rect class=\\"service-type\\" rx=\\"5\\" ry=\\"5\\" width=\\"120\\" height=\\"40\\" stroke=\\"#000000\\"></rect><text class=\\"service-type\\" x=\\"60\\" y=\\"20\\" dominant-baseline=\\"middle\\" text-anchor=\\"middle\\">shippingservice</text><rect class=\\"end-point source\\" x=\\"0\\" y=\\"0\\" width=\\"10\\" height=\\"10\\" transform=\\"translate(0,13) rotate(45)\\"></rect></g></g><g class=\\"links\\"><g><path class=\\"service\\"></path><path class=\\"servicesankeyDir tcp\\" stroke-width=\\"2\\" id=\\"dir-cartservice-redis-cart\\" marker-end=\\"url(#http-end)\\"></path><path class=\\"hittarget\\" id=\\"hitpath-cartservice-redis-cart\\" d=\\"M380,40C430,40,430,30,480,30\\" stroke-width=\\"6\\"></path><text font-size=\\"12px\\" font-weight=\\"bold\\"><textPath class=\\"stats\\" side=\\"left\\" text-anchor=\\"middle\\" startOffset=\\"50%\\" text-length=\\"100%\\" href=\\"#SVG_ID-statPath-cartservice-redis-cart\\">5.43 KB </textPath></text></g><g><path class=\\"service\\"></path><path class=\\"servicesankeyDir\\" stroke-width=\\"2\\" id=\\"dir-checkoutservice-cartservice\\" marker-end=\\"url(#end--15)\\"></path><path class=\\"hittarget\\" id=\\"hitpath-checkoutservice-cartservice\\" d=\\"M380,157.5L388,157.5A10,10,0,0,1,398,167.5L398,187.5A10,10,0,0,1,388,197.5L252,197.5A10,10,0,0,1,242,187.5L242,50A10,10,0,0,1,252,40L260,40\\" stroke-width=\\"6\\"></path><text font-size=\\"12px\\" font-weight=\\"bold\\"><textPath class=\\"stats\\" side=\\"left\\" text-anchor=\\"middle\\" startOffset=\\"50%\\" text-length=\\"100%\\" href=\\"#SVG_ID-statPath-checkoutservice-cartservice\\">80  bytes </textPath></text></g><g><path class=\\"service\\"></path><path class=\\"servicesankeyDir\\" stroke-width=\\"2\\" id=\\"dir-checkoutservice-currencyservice\\" marker-end=\\"url(#end--15)\\"></path><path class=\\"hittarget\\" id=\\"hitpath-checkoutservice-currencyservice\\" d=\\"M380,157.5C430,157.5,430,80,480,80\\" stroke-width=\\"6\\"></path><text font-size=\\"12px\\" font-weight=\\"bold\\"><textPath class=\\"stats\\" side=\\"left\\" text-anchor=\\"middle\\" startOffset=\\"50%\\" text-length=\\"100%\\" href=\\"#SVG_ID-statPath-checkoutservice-currencyservice\\">55  bytes </textPath></text></g><g><path class=\\"service\\"></path><path class=\\"servicesankeyDir\\" stroke-width=\\"2\\" id=\\"dir-checkoutservice-emailservice\\" marker-end=\\"url(#end--15)\\"></path><path class=\\"hittarget\\" id=\\"hitpath-checkoutservice-emailservice\\" d=\\"M380,157.5C430,157.5,430,180,480,180\\" stroke-width=\\"6\\"></path><text font-size=\\"12px\\" font-weight=\\"bold\\"><textPath class=\\"stats\\" side=\\"left\\" text-anchor=\\"middle\\" startOffset=\\"50%\\" text-length=\\"100%\\" href=\\"#SVG_ID-statPath-checkoutservice-emailservice\\">5  bytes </textPath></text></g><g><path class=\\"service\\"></path><path class=\\"servicesankeyDir\\" stroke-width=\\"2\\" id=\\"dir-checkoutservice-paymentservice\\" marker-end=\\"url(#end--15)\\"></path><path class=\\"hittarget\\" id=\\"hitpath-checkoutservice-paymentservice\\" d=\\"M380,157.5C430,157.5,430,230,480,230\\" stroke-width=\\"6\\"></path><text font-size=\\"12px\\" font-weight=\\"bold\\"><textPath class=\\"stats\\" side=\\"left\\" text-anchor=\\"middle\\" startOffset=\\"50%\\" text-length=\\"100%\\" href=\\"#SVG_ID-statPath-checkoutservice-paymentservice\\">43  bytes </textPath></text></g><g><path class=\\"service\\"></path><path class=\\"servicesankeyDir\\" stroke-width=\\"2\\" id=\\"dir-checkoutservice-productcatalogservice\\" marker-end=\\"url(#end--15)\\"></path><path class=\\"hittarget\\" id=\\"hitpath-checkoutservice-productcatalogservice\\" d=\\"M380,157.5C430,157.5,430,280,480,280\\" stroke-width=\\"6\\"></path><text font-size=\\"12px\\" font-weight=\\"bold\\"><textPath class=\\"stats\\" side=\\"left\\" text-anchor=\\"middle\\" startOffset=\\"50%\\" text-length=\\"100%\\" href=\\"#SVG_ID-statPath-checkoutservice-productcatalogservice\\">342  bytes </textPath></text></g><g><path class=\\"service\\"></path><path class=\\"servicesankeyDir\\" stroke-width=\\"2\\" id=\\"dir-checkoutservice-shippingservice\\" marker-end=\\"url(#end--15)\\"></path><path class=\\"hittarget\\" id=\\"hitpath-checkoutservice-shippingservice\\" d=\\"M380,157.5C430,157.5,430,130,480,130\\" stroke-width=\\"6\\"></path><text font-size=\\"12px\\" font-weight=\\"bold\\"><textPath class=\\"stats\\" side=\\"left\\" text-anchor=\\"middle\\" startOffset=\\"50%\\" text-length=\\"100%\\" href=\\"#SVG_ID-statPath-checkoutservice-shippingservice\\">45  bytes </textPath></text></g><g><path class=\\"service\\"></path><path class=\\"servicesankeyDir\\" stroke-width=\\"2\\" id=\\"dir-frontend-5d68fd5b7d-6kgx5-cartservice\\" marker-end=\\"url(#end--15)\\"></path><path class=\\"hittarget\\" id=\\"hitpath-frontend-5d68fd5b7d-6kgx5-cartservice\\" d=\\"M160,162.91666666666666C210,162.91666666666666,210,40,260,40\\" stroke-width=\\"6\\"></path><text font-size=\\"12px\\" font-weight=\\"bold\\"><textPath class=\\"stats\\" side=\\"left\\" text-anchor=\\"middle\\" startOffset=\\"50%\\" text-length=\\"100%\\" href=\\"#SVG_ID-statPath-frontend-5d68fd5b7d-6kgx5-cartservice\\">293  bytes </textPath></text></g><g><path class=\\"service\\"></path><path class=\\"servicesankeyDir\\" stroke-width=\\"2\\" id=\\"dir-frontend-5d68fd5b7d-6kgx5-checkoutservice\\" marker-end=\\"url(#end--15)\\"></path><path class=\\"hittarget\\" id=\\"hitpath-frontend-5d68fd5b7d-6kgx5-checkoutservice\\" d=\\"M160,162.91666666666666C210,162.91666666666666,210,157.5,260,157.5\\" stroke-width=\\"6\\"></path><text font-size=\\"12px\\" font-weight=\\"bold\\"><textPath class=\\"stats\\" side=\\"left\\" text-anchor=\\"middle\\" startOffset=\\"50%\\" text-length=\\"100%\\" href=\\"#SVG_ID-statPath-frontend-5d68fd5b7d-6kgx5-checkoutservice\\">215  bytes </textPath></text></g><g><path class=\\"service\\"></path><path class=\\"servicesankeyDir\\" stroke-width=\\"2\\" id=\\"dir-frontend-5d68fd5b7d-6kgx5-currencyservice\\" marker-end=\\"url(#end--15)\\"></path><path class=\\"hittarget\\" id=\\"hitpath-frontend-5d68fd5b7d-6kgx5-currencyservice\\" d=\\"M160,162.91666666666666C320,162.91666666666666,320,80,480,80\\" stroke-width=\\"6\\"></path><text font-size=\\"12px\\" font-weight=\\"bold\\"><textPath class=\\"stats\\" side=\\"left\\" text-anchor=\\"middle\\" startOffset=\\"50%\\" text-length=\\"100%\\" href=\\"#SVG_ID-statPath-frontend-5d68fd5b7d-6kgx5-currencyservice\\">1.67 KB </textPath></text></g><g><path class=\\"service\\"></path><path class=\\"servicesankeyDir\\" stroke-width=\\"2\\" id=\\"dir-frontend-5d68fd5b7d-6kgx5-productcatalogservice\\" marker-end=\\"url(#end--15)\\"></path><path class=\\"hittarget\\" id=\\"hitpath-frontend-5d68fd5b7d-6kgx5-productcatalogservice\\" d=\\"M160,162.91666666666666C320,162.91666666666666,320,280,480,280\\" stroke-width=\\"6\\"></path><text font-size=\\"12px\\" font-weight=\\"bold\\"><textPath class=\\"stats\\" side=\\"left\\" text-anchor=\\"middle\\" startOffset=\\"50%\\" text-length=\\"100%\\" href=\\"#SVG_ID-statPath-frontend-5d68fd5b7d-6kgx5-productcatalogservice\\">9.03 KB </textPath></text></g><g><path class=\\"service\\"></path><path class=\\"servicesankeyDir\\" stroke-width=\\"2\\" id=\\"dir-frontend-5d68fd5b7d-6kgx5-recommendationservice\\" marker-end=\\"url(#end--15)\\"></path><path class=\\"hittarget\\" id=\\"hitpath-frontend-5d68fd5b7d-6kgx5-recommendationservice\\" d=\\"M160,162.91666666666666C210,162.91666666666666,210,281,260,281\\" stroke-width=\\"6\\"></path><text font-size=\\"12px\\" font-weight=\\"bold\\"><textPath class=\\"stats\\" side=\\"left\\" text-anchor=\\"middle\\" startOffset=\\"50%\\" text-length=\\"100%\\" href=\\"#SVG_ID-statPath-frontend-5d68fd5b7d-6kgx5-recommendationservice\\">390  bytes </textPath></text></g><g><path class=\\"service\\"></path><path class=\\"servicesankeyDir\\" stroke-width=\\"2\\" id=\\"dir-frontend-5d68fd5b7d-6kgx5-shippingservice\\" marker-end=\\"url(#end--15)\\"></path><path class=\\"hittarget\\" id=\\"hitpath-frontend-5d68fd5b7d-6kgx5-shippingservice\\" d=\\"M160,162.91666666666666C320,162.91666666666666,320,130,480,130\\" stroke-width=\\"6\\"></path><text font-size=\\"12px\\" font-weight=\\"bold\\"><textPath class=\\"stats\\" side=\\"left\\" text-anchor=\\"middle\\" startOffset=\\"50%\\" text-length=\\"100%\\" href=\\"#SVG_ID-statPath-frontend-5d68fd5b7d-6kgx5-shippingservice\\">60  bytes </textPath></text></g><g><path class=\\"service\\"></path><path class=\\"servicesankeyDir\\" stroke-width=\\"2\\" id=\\"dir-recommendationservice-productcatalogservice\\" marker-end=\\"url(#end--15)\\"></path><path class=\\"hittarget\\" id=\\"hitpath-recommendationservice-productcatalogservice\\" d=\\"M380,281C430,281,430,280,480,280\\" stroke-width=\\"6\\"></path><text font-size=\\"12px\\" font-weight=\\"bold\\"><textPath class=\\"stats\\" side=\\"left\\" text-anchor=\\"middle\\" startOffset=\\"50%\\" text-length=\\"100%\\" href=\\"#SVG_ID-statPath-recommendationservice-productcatalogservice\\">8.43 KB </textPath></text></g></g></g></g></svg>"`;
